<?xml version="1.0" encoding="utf-8"?><testsuites><testsuite name="pytest" errors="0" failures="0" skipped="0" tests="3" time="0.049" timestamp="2025-02-08T19:10:40.952460+01:00" hostname="Zahras-MacBook-Pro.local"><testcase classname="tests.test_api" name="test_valid_text" time="0.005" /><testcase classname="tests.test_api" name="test_missing_text_field" time="0.002" /><testcase classname="tests.test_api" name="test_invalid_json" time="0.002" /></testsuite></testsuites>